
> cnkhmc-client@1.2.0 test:unit
> vitest run --config vitest.config.ts


[1m[30m[46m RUN [49m[39m[22m [36mv4.1.9 [39m[90mE:/Internship/CNKHMC/cnkhmc-client[39m

 [32mΓ£ô[39m src/test/Sample.test.tsx [2m([22m[2m1 test[22m[2m)[22m[32m 24[2mms[22m[39m
 [32mΓ£ô[39m src/App.test.tsx [2m([22m[2m1 test[22m[2m)[22m[32m 53[2mms[22m[39m

[2m Test Files [22m [1m[32m2 passed[39m[22m[90m (2)[39m
[2m      Tests [22m [1m[32m2 passed[39m[22m[90m (2)[39m
[2m   Start at [22m 14:25:26
[2m   Duration [22m 11.55s[2m (transform 3.42s, setup 251ms, import 10.58s, tests 77ms, environment 1.63s)[22m

